<div class="min-h-screen bg-background text-foreground font-sans" dir="rtl"><div class="page-container space-y-6"><section class="page-section"><header class="page-section__header"><h1 class="text-2xl font-display text-slate-900">معاينة الواجهة العربية</h1><span class="text-sm text-slate-500">تستخدم هذه الصفحة للتحقق من التغييرات البصرية</span></header><div class="page-section__body"><div class="stats-grid"><div class="metric-card"><div class="metric-card__value">1,240</div><p class="metric-card__label">إجمالي العملاء المحتملين</p></div><div class="metric-card"><div class="metric-card__value">328</div><p class="metric-card__label">العقارات النشطة</p></div><div class="metric-card"><div class="metric-card__value">87</div><p class="metric-card__label">الصفقات في المسار</p></div><div class="metric-card"><div class="metric-card__value">SAR 1.2M</div><p class="metric-card__label">الإيرادات الشهرية</p></div></div></div></section><section class="page-section glass-surface"><header class="page-section__header"><h2 class="text-xl font-display text-slate-800">تحديثات الفريق</h2><span class="text-sm text-slate-500">آخر الأنشطة المسجلة</span></header><div class="page-section__body"><ul class="data-list"><li class="data-list__item"><div><p class="font-display text-sm text-slate-900">متابعة عميل محتمل</p><p class="text-xs text-slate-500">تم التواصل مع علي الحربي بشأن فيلا الرياض</p></div><span class="text-emerald-600 text-xs font-semibold">مكتمل</span></li><li class="data-list__item"><div><p class="font-display text-sm text-slate-900">طلب تقييم عقار</p><p class="text-xs text-slate-500">تم إنشاء طلب تقييم جديد في جدة</p></div><span class="text-emerald-600 text-xs font-semibold">مكتمل</span></li><li class="data-list__item"><div><p class="font-display text-sm text-slate-900">صفقة قيد التوقيع</p><p class="text-xs text-slate-500">صفقة مع مؤسسة السعادة العقارية في انتظار التوقيع</p></div><span class="text-emerald-600 text-xs font-semibold">مكتمل</span></li></ul></div></section></div></div>
